def main() {
  x = 3;
  a = 19;
  b = 1.5;
  text = 'some text';

  switch(a) {
    case 18: 
      b = 18;
      break;
    case 19: 
      b = 18;
      break;
  }

  for (i < 10; i = i + 1) {
    a = i;
  }
  
  return x == 3 ? a : b;
}